[ 2026-10-10 21:01:06,664 ] 25 root - INFO - Entered the data ingestion method or component
[ 2026-10-10 21:01:06,676 ] 28 root - INFO - Read the dataset as dataframe
[ 2026-10-10 21:01:06,693 ] 34 root - INFO - Train test split initiated
[ 2026-10-10 21:01:06,728 ] 41 root - INFO - Ingestion of the data is completed
[ 2026-10-10 21:01:06,738 ] 73 root - INFO - Read train and test data completed
[ 2026-10-10 21:01:06,739 ] 87 root - INFO - Feature engineering completed
[ 2026-10-10 21:01:06,739 ] 91 root - INFO - Obtaining preprocessing object
[ 2026-10-10 21:01:06,739 ] 52 root - INFO - Categorical columns: ['Type']
[ 2026-10-10 21:01:06,739 ] 53 root - INFO - Numerical columns: ['Air temperature [K]', 'Process temperature [K]', 'Rotational speed [rpm]', 'Torque [Nm]', 'Tool wear [min]', 'Temperature difference', 'Mechanical power']
[ 2026-10-10 21:01:06,740 ] 109 root - INFO - Applying preprocessing object on training dataframe
[ 2026-10-10 21:01:06,749 ] 113 root - INFO - Applying preprocessing object on testing dataframe
[ 2026-10-10 21:01:06,754 ] 125 root - INFO - Preprocessing completed
[ 2026-10-10 21:01:06,755 ] 137 root - INFO - Saved preprocessing object.
[ 2026-10-10 21:01:06,755 ] 51 root - INFO - Reading transformed train and test data
[ 2026-10-10 21:01:06,755 ] 62 root - INFO - Splitting features and target completed
[ 2026-10-10 21:04:29,992 ] 155 root - INFO - Best model selected: Gradient Boosting
[ 2026-10-10 21:04:29,992 ] 156 root - INFO - Best CV PR-AUC: 0.8914
[ 2026-10-10 21:04:29,998 ] 169 root - INFO - Final test evaluation completed
[ 2026-10-10 21:04:30,012 ] 207 root - INFO - Winning model and threshold saved successfully
[ 2026-10-10 21:04:30,014 ] 27 root - INFO - Loading trained model and transformed data
[ 2026-10-10 21:04:30,912 ] 163 root - INFO - SHAP explanations generated successfully
